[2026-09-04T01:21:38.673Z] ERROR: el valor nulo en la columna «password» de la relación «usuarios» viola la restricción “not-null” | Datos intentados: {"nombre":"Carlos Mendoza","email":"carlos@email.com","forzarError":false}
[2026-09-04T01:21:38.674Z] ERROR: el valor nulo en la columna «password» de la relación «usuarios» viola la restricción “not-null” | Datos intentados: {"nombre":"Ana Gómez","email":"ana@email.com","forzarError":true}
[2026-09-04T01:26:04.343Z] ERROR: el valor nulo en la columna «password» de la relación «usuarios» viola la restricción “not-null” | Datos intentados: {"nombre":"Carlos Mendoza","email":"carlos@email.com","forzarError":false}
[2026-09-04T01:26:04.344Z] ERROR: el valor nulo en la columna «password» de la relación «usuarios» viola la restricción “not-null” | Datos intentados: {"nombre":"Ana Gómez","email":"ana@email.com","forzarError":true}
[2026-09-04T01:37:28.737Z] ERROR: el valor nulo en la columna «password» de la relación «usuarios» viola la restricción “not-null” | Datos intentados: {"nombre":"Carlos Ortega","email":"carlos@example.com","forzarError":false}
[2026-09-04T01:37:28.739Z] ERROR: el valor nulo en la columna «password» de la relación «usuarios» viola la restricción “not-null” | Datos intentados: {"nombre":"Ana Lopez","email":"ana@example.com","forzarError":true}
[2026-09-04T01:38:19.020Z] ERROR: el valor nulo en la columna «password» de la relación «usuarios» viola la restricción “not-null” | Datos intentados: {"nombre":"Carlos Ortega","email":"carlos@example.com","forzarError":false}
[2026-09-04T01:38:19.022Z] ERROR: el valor nulo en la columna «password» de la relación «usuarios» viola la restricción “not-null” | Datos intentados: {"nombre":"Ana Lopez","email":"ana@example.com","forzarError":true}
[2026-09-04T01:41:54.863Z] ERROR: el valor nulo en la columna «password» de la relación «usuarios» viola la restricción “not-null” | Datos intentados: {"nombre":"Carlos Ortega","email":"carlos@example.com","forzarError":false}
[2026-09-04T01:41:54.865Z] ERROR: el valor nulo en la columna «password» de la relación «usuarios» viola la restricción “not-null” | Datos intentados: {"nombre":"Ana Lopez","email":"ana@example.com","forzarError":true}
[2026-09-04T01:42:35.361Z] ERROR: el valor nulo en la columna «password» de la relación «usuarios» viola la restricción “not-null” | Datos intentados: {"nombre":"Carlos Ortega","email":"carlos@example.com","forzarError":false}
[2026-09-04T01:42:35.362Z] ERROR: el valor nulo en la columna «password» de la relación «usuarios» viola la restricción “not-null” | Datos intentados: {"nombre":"Ana Lopez","email":"ana@example.com","forzarError":false}
[2026-09-04T01:42:51.588Z] ERROR: el valor nulo en la columna «password» de la relación «usuarios» viola la restricción “not-null” | Datos intentados: {"nombre":"Carlos Ortega","email":"carlos@example.com","password":false,"forzarError":false}
[2026-09-04T01:42:51.590Z] ERROR: el valor nulo en la columna «password» de la relación «usuarios» viola la restricción “not-null” | Datos intentados: {"nombre":"Ana Lopez","email":"ana@example.com","password":true,"forzarError":false}
[2026-09-04T01:43:46.353Z] ERROR: no existe la relación «historial_acciones» | Datos intentados: {"nombre":"Carlos Ortega","email":"carlos@example.com","password":false,"forzarError":false}
[2026-09-04T01:43:46.355Z] ERROR: no existe la relación «historial_acciones» | Datos intentados: {"nombre":"Ana Lopez","email":"ana@example.com","password":true,"forzarError":false}
[2026-09-04T01:46:33.594Z] ERROR: no existe la relación «historial» | Datos intentados: {"nombre":"Jum Ortega","email":"jum@example.com","password":"clave1234","forzarError":false}
[2026-09-04T01:46:33.596Z] ERROR: Fallo simulado en la creación del historial (Evidencia de Rollback) | Datos intentados: {"nombre":"Ana Lopez","email":"ana@example.com","password":"clave1234","forzarError":true}
[2026-09-04T01:47:55.263Z] ERROR: no existe la relación «historial» | Datos intentados: {"nombre":"Jum Ortega","email":"jum@example.com","password":"clave1234","forzarError":false}
[2026-09-04T01:47:55.266Z] ERROR: Fallo simulado en la creación del historial (Evidencia de Rollback) | Datos intentados: {"nombre":"Ana Lopez","email":"ana@example.com","password":"clave1234","forzarError":true}
[2026-09-04T01:48:55.096Z] ERROR: no existe la relación «historial» | Datos intentados: {"nombre":"Jum Ortega","email":"jum@example.com","password":"clave1234","forzarError":false}
[2026-09-04T01:48:55.097Z] ERROR: Fallo simulado en la creación del historial (Evidencia de Rollback) | Datos intentados: {"nombre":"Ana Lopez","email":"ana@example.com","password":"clave1234","forzarError":true}
[2026-09-04T01:49:28.524Z] ERROR: no existe la relación «historial» | Datos intentados: {"nombre":"Jum Ortega","email":"jum@example.com","password":"clave1234","forzarError":false}
[2026-09-04T01:49:28.525Z] ERROR: Fallo simulado en la creación del historial (Evidencia de Rollback) | Datos intentados: {"nombre":"Ana Lopez","email":"ana@example.com","password":"clave1234","forzarError":true}
[2026-09-04T01:50:16.787Z] ERROR: no existe la relación «historial» | Datos intentados: {"nombre":"Jum Ortega","email":"jum@example.com","password":"clave1234","forzarError":false}
[2026-09-04T01:50:16.789Z] ERROR: Fallo simulado en la creación del historial (Evidencia de Rollback) | Datos intentados: {"nombre":"Ana Lopez","email":"ana@example.com","password":"clave1234","forzarError":true}
[2026-09-04T01:51:22.923Z] ERROR: no existe la relación «historial» | Datos intentados: {"nombre":"Jum Ortega","email":"jum@example.com","password":"clave1234","forzarError":false}
[2026-09-04T01:51:22.924Z] ERROR: Fallo simulado en la creación del historial (Evidencia de Rollback) | Datos intentados: {"nombre":"Ana Lopez","email":"ana@example.com","password":"clave1234","forzarError":true}
[2026-09-04T01:55:44.268Z] ERROR: Fallo simulado en la creación del historial (Evidencia de Rollback) | Datos intentados: {"nombre":"Ana Lopez","email":"ana@example.com","password":"clave1234","forzarError":true}
[2026-09-04T01:56:19.331Z] ERROR: llave duplicada viola restricción de unicidad «usuarios_email_key» | Datos intentados: {"nombre":"Jum Ortega","email":"jum@example.com","password":"clave1234","forzarError":false}
[2026-09-04T01:56:19.333Z] ERROR: Fallo simulado en la creación del historial (Evidencia de Rollback) | Datos intentados: {"nombre":"Ana Lopez","email":"ana@example.com","password":"clave1234","forzarError":true}
[2026-09-04T02:17:01.230Z] ERROR: Fallo simulado en la creación del historial (Evidencia de Rollback) | Datos intentados: {"nombre":"Ana Lopez","email":"ana@example.com","password":"clave1234","forzarError":true}
